1.

sysadmin@UbuntuDesktop:~$ nano .bashrc

alias logs='mkdir ~/research && cp -r /var/logs/* /etc/passwd /etc/shadow /etc/hosts ~/research'






sysadmin@UbuntuDesktop:~$ nano sys_info.sh 

#!/bin/bash

mkdir research 2> /dev/null

echo "System Info" >> ~/research/sys_info.txt
date >> ~/research/sys_info.txt
echo "$MACHTYPE" >> ~/research/sys_info.txt
echo "IP Address: $(ip address | head -9 | tail -1)" >> ~/research/sys_info.txt
echo "$HOSTNAME"



# Log command for finding 777 files

sudo find /home -type f -perm 777 >> ~/research/sys_info.txt



# Log command for finding top 10 processes

ps aux --sort -%mem | awk {'print $1, $2, $3, $4, $11'} | head -11 >> ~/research/sys_info.txt






sysadmin@UbuntuDesktop:~$ mkdir scripts

sysadmin@UbuntuDesktop:~$ mv sys_info.sh scripts/

sysadmin@UbuntuDesktop:~$ $PATH
bash: /usr/local/sbin:/usr/local/bin:/usr/sbin:/usr/bin:/sbin:/bin:/usr/games:/usr/local/games:/snap/bin: No such file or directory

sysadmin@UbuntuDesktop:~$ PATH=$PATH:/home/sysadmin/scripts

sysadmin@UbuntuDesktop:~$ echo $PATH
/usr/local/sbin:/usr/local/bin:/usr/sbin:/usr/bin:/sbin:/bin:/usr/games:/usr/local/games:/snap/bin:/home/sysadmin/scripts

sysadmin@UbuntuDesktop:~$ sys_info.sh 
UbuntuDesktop

sysadmin@UbuntuDesktop:~$ cd research/

sysadmin@UbuntuDesktop:~/research$ cat sys_info.txt 
System Info
Thu Jan 28 04:51:54 EST 2021
x86_64-pc-linux-gnu
IP Address:     inet 10.0.2.15/24 brd 10.0.2.255 scope global dynamic noprefixroute enp0s3
/home/sysadmin/Documents/setup_scripts/sysadmin/day3_stu_setup.sh
/home/instructor/Documents/setup_scripts/sysadmin/day3_stu_setup.sh
/home/instructor/Documents/setup_scripts/instructor/day3_setup.sh
USER PID %CPU %MEM COMMAND
sysadmin 2469 1.0 8.8 /usr/bin/gnome-shell
gdm 1906 0.1 5.0 /usr/bin/gnome-shell
sysadmin 2270 0.3 3.5 /usr/lib/xorg/Xorg
sysadmin 2923 0.0 3.3 /usr/bin/gnome-software
root 1101 0.0 2.0 /usr/bin/dockerd
sysadmin 2783 0.0 1.6 /usr/lib/evolution/evolution-calendar-factory
sysadmin 2802 0.0 1.5 /usr/lib/evolution/evolution-calendar-factory-subprocess
sysadmin 25550 1.0 1.3 /usr/bin/gedit
sysadmin 2714 0.0 1.3 nautilus-desktop
sysadmin 10026 0.0 1.2 /usr/bin/nautilus
System Info
Thu Jan 28 04:53:12 EST 2021
x86_64-pc-linux-gnu
IP Address:     inet 10.0.2.15/24 brd 10.0.2.255 scope global dynamic noprefixroute enp0s3
/home/sysadmin/Documents/setup_scripts/sysadmin/day3_stu_setup.sh
/home/instructor/Documents/setup_scripts/sysadmin/day3_stu_setup.sh
/home/instructor/Documents/setup_scripts/instructor/day3_setup.sh
USER PID %CPU %MEM COMMAND
sysadmin 2469 1.0 8.7 /usr/bin/gnome-shell
gdm 1906 0.1 5.0 /usr/bin/gnome-shell
sysadmin 2270 0.3 3.5 /usr/lib/xorg/Xorg
sysadmin 2923 0.0 3.3 /usr/bin/gnome-software
root 1101 0.0 2.0 /usr/bin/dockerd
sysadmin 2783 0.0 1.6 /usr/lib/evolution/evolution-calendar-factory
sysadmin 2802 0.0 1.5 /usr/lib/evolution/evolution-calendar-factory-subprocess
sysadmin 25550 1.0 1.3 /usr/bin/gedit
sysadmin 2714 0.0 1.3 nautilus-desktop
sysadmin 10026 0.0 1.2 /usr/bin/nautilus








